import processing.core.*;
import processing.data.*;
import processing.event.*;
import processing.opengl.*;

import java.util.HashMap;
import java.util.ArrayList;
import java.io.File;
import java.io.BufferedReader;
import java.io.PrintWriter;
import java.io.InputStream;
import java.io.OutputStream;
import java.io.IOException;

public class classinstatic extends PApplet {

    public void setup() {
class Test {

  public int getInt() { return 5; }
  public String toString() {return "test";}

}


Test t = new Test();
println(t.getInt());
println(t.toString());

        noLoop();
    }

    static public void main(String[] passedArgs) {
        String[] appletArgs = new String[] { "classinstatic" };
        if (passedArgs != null) {
            PApplet.main(concat(appletArgs, passedArgs));
        } else {
            PApplet.main(appletArgs);
        }
    }
}