import processing.core.*;
import processing.data.*;
import processing.event.*;
import processing.opengl.*;

import java.util.HashMap;
import java.util.ArrayList;
import java.io.File;
import java.io.BufferedReader;
import java.io.PrintWriter;
import java.io.InputStream;
import java.io.OutputStream;
import java.io.IOException;

public class color extends PApplet {

    public void setup() {
boolean test = true;
int c1 = color(255, 255, 255);
int c2 = test ? 0xFFA011CD : 0xC0C0C0C0;
    noLoop();
    }

    static public void main(String[] passedArgs) {
        String[] appletArgs = new String[] { "color" };
        if (passedArgs != null) {
            PApplet.main(concat(appletArgs, passedArgs));
        } else {
            PApplet.main(appletArgs);
        }
    }
}
