import processing.core.*;
import processing.data.*;
import processing.event.*;
import processing.opengl.*;

import java.util.HashMap;
import java.util.ArrayList;
import java.io.File;
import java.io.BufferedReader;
import java.io.PrintWriter;
import java.io.InputStream;
import java.io.OutputStream;
import java.io.IOException;

public class colorreturn extends PApplet {

public void setup() {
  fill(getColor());
  noStroke();
  /* size commented out by preprocessor */;
  ellipseMode(CENTER);
  ellipse(50, 50, 50, 50);
}

public int getColor() {
  return 0xFF333333;
}

public void draw() {
}


    public void settings() { size(100,100); }

    static public void main(String[] passedArgs) {
        String[] appletArgs = new String[] { "colorreturn" };
        if (passedArgs != null) {
            PApplet.main(concat(appletArgs, passedArgs));
        } else {
            PApplet.main(appletArgs);
        }
    }
}
