import processing.core.*;
import processing.data.*;
import processing.event.*;
import processing.opengl.*;

import processing.pdf.*;

import java.util.HashMap;
import java.util.ArrayList;
import java.io.File;
import java.io.BufferedReader;
import java.io.PrintWriter;
import java.io.InputStream;
import java.io.OutputStream;
import java.io.IOException;

public class pdfwrite extends PApplet {



 public void setup() {
  /* size commented out by preprocessor */;
}

 public void draw() {
  // Draw something good here
  line(0, 0, width/2, height);

  // Exit the program
  println("Finished.");
  exit();
}


    public void settings() { size(400,400,PDF,"filename.pdf"); }

    static public void main(String[] passedArgs) {
        String[] appletArgs = new String[] { "pdfwrite" };
        if (passedArgs != null) {
            PApplet.main(concat(appletArgs, passedArgs));
        } else {
            PApplet.main(appletArgs);
        }
    }
}
