import processing.core.*;
import processing.data.*;
import processing.event.*;
import processing.opengl.*;

import java.util.HashMap;
import java.util.ArrayList;
import java.io.File;
import java.io.BufferedReader;
import java.io.PrintWriter;
import java.io.InputStream;
import java.io.OutputStream;
import java.io.IOException;

public class smoothnoparam extends PApplet {

 public void setup(){
  /* size commented out by preprocessor */;
  /* smooth commented out by preprocessor */;
}

 public void draw(){
  background(0);
  fill(255,0,0);
  ellipse(100,100,100,100);
  fill(0,255,0);
  ellipse(150,150,100,100);
}


    public void settings() { size(300, 300, P2D);
smooth(); }

    static public void main(String[] passedArgs) {
        String[] appletArgs = new String[] { "smoothnoparam" };
        if (passedArgs != null) {
            PApplet.main(concat(appletArgs, passedArgs));
        } else {
            PApplet.main(appletArgs);
        }
    }
}
